1、安装Git
Linux：sudo apt-get install git；
Windows：Git官网下载Git，然后进行安装；
2、配置：
$ git config --global user.name "Your Name"
$ git config --global user.email "email@example.com"
3、创建版本库：.git
$ mkdir Myrepository
$ cd Myrepository
$ git init
在此目录下会建立一个.git目录，千万不要乱改里面内容！！！
4、添加文件到版本库
$ git add 'Git Usage.txt'
$ git commit -m "Git Usage initial file."
5、只要文件修改，文件状态都会发生变化
$ git status
On branch master
Changes to be committed:
  (use "git reset HEAD <file>..." to unstage)

        modified:   Git Usage.txt
6、查看文件变化
$ git diff 'Git Usage.txt'
7、查看变化日志
$ git log --pretty=oneline 'Git Usage.txt'
4243ec3ada0e4c34e58ec9033eb258af72919438 (HEAD -> master) Git Usage append from 6...
1eae1aecf856c2c8a443d7abf025fb13ac01aca6 Git Usage append from 5...
1f4c5d4fec4547d098c40c71c877b2b3a1d25c25 Git Usage initial file.
（Git不是按照1、2、3..来生成版本号的，原因是在分布式系统中，这样生成版本号容易重复，
而是SHA1计算出来的一个非常大的数字，用十六进制表示，一般我们查看版本只需要前六位即可）
8、回退操作：git reset --hard commit_id
9、查看历史操作：git reflog （以确定回到那个历史版本）

