1、安装Git
Linux：sudo apt-get install git；
Windows：Git官网下载Git，然后进行安装；
2、配置：
$ git config --global user.name "Your Name"
$ git config --global user.email "email@example.com"
3、创建版本库：.git
$ mkdir Myrepository
$ cd Myrepository
$ git init
在此目录下会建立一个.git目录，千万不要乱改里面内容！！！
4、添加文件到版本库
$ git add 'Git Usage.txt'
$ git commit -m "Git Usage initial file."
5、只要文件修改，文件状态都会发生变化
$ git status
On branch master
Changes to be committed:
  (use "git reset HEAD <file>..." to unstage)

        modified:   Git Usage.txt
6、查看文件变化
$ git diff 'Git Usage.txt'

